2026-10-01 18:42:05,693 | INFO | Adding job tentatively -- it will be properly scheduled when the scheduler starts
2026-10-01 18:42:05,694 | INFO | Added job "run_pipeline" to job store "default"
2026-10-01 18:42:05,694 | INFO | Scheduler started
2026-10-01 18:44:05,706 | INFO | Running job "run_pipeline (trigger: interval[0:02:00], next run at: 2026-10-01 18:44:05 AEST)" (scheduled at 2026-10-01 18:44:05.693715+10:00)
2026-10-01 18:44:05,706 | INFO | Pipeline started!
2026-10-01 18:44:05,706 | INFO | Extracting....
2026-10-01 18:44:05,726 | INFO | Extract completed: 1933 rows successfully!
2026-10-01 18:44:05,727 | INFO | Transforming....
2026-10-01 18:44:05,826 | INFO | Transform completed: 2209 rows successfully!
2026-10-01 18:44:05,826 | INFO | Connecting to database....
2026-10-01 18:44:05,882 | INFO | Database connected successfully!
2026-10-01 18:44:05,882 | INFO | Loading....
2026-10-01 18:44:06,064 | INFO | Load completed: 2209 rows successfully!
2026-10-01 18:44:06,064 | INFO | Pipeline completed successfully
2026-10-01 18:44:06,064 | INFO | Job "run_pipeline (trigger: interval[0:02:00], next run at: 2026-10-01 18:46:05 AEST)" executed successfully
2026-10-01 18:46:05,704 | INFO | Running job "run_pipeline (trigger: interval[0:02:00], next run at: 2026-10-01 18:48:05 AEST)" (scheduled at 2026-10-01 18:46:05.693715+10:00)
2026-10-01 18:46:05,705 | INFO | Pipeline started!
2026-10-01 18:46:05,705 | INFO | Extracting....
2026-10-01 18:46:05,722 | INFO | Extract completed: 1933 rows successfully!
2026-10-01 18:46:05,723 | INFO | Transforming....
2026-10-01 18:46:05,836 | INFO | Transform completed: 2209 rows successfully!
2026-10-01 18:46:05,836 | INFO | Connecting to database....
2026-10-01 18:46:05,861 | INFO | Database connected successfully!
2026-10-01 18:46:05,861 | INFO | Loading....
2026-10-01 18:46:05,915 | INFO | Load completed: 0 rows successfully!
2026-10-01 18:46:05,916 | INFO | Pipeline completed successfully
2026-10-01 18:46:05,916 | INFO | Job "run_pipeline (trigger: interval[0:02:00], next run at: 2026-10-01 18:48:05 AEST)" executed successfully
2026-10-01 18:48:05,694 | INFO | Running job "run_pipeline (trigger: interval[0:02:00], next run at: 2026-10-01 18:50:05 AEST)" (scheduled at 2026-10-01 18:48:05.693715+10:00)
2026-10-01 18:48:05,695 | INFO | Pipeline started!
2026-10-01 18:48:05,695 | INFO | Extracting....
2026-10-01 18:48:05,714 | INFO | Extract completed: 1933 rows successfully!
2026-10-01 18:48:05,714 | INFO | Transforming....
2026-10-01 18:48:05,831 | INFO | Transform completed: 2209 rows successfully!
2026-10-01 18:48:05,832 | INFO | Connecting to database....
2026-10-01 18:48:05,875 | INFO | Database connected successfully!
2026-10-01 18:48:05,875 | INFO | Loading....
2026-10-01 18:48:05,950 | INFO | Load completed: 0 rows successfully!
2026-10-01 18:48:05,950 | INFO | Pipeline completed successfully
2026-10-01 18:48:05,950 | INFO | Job "run_pipeline (trigger: interval[0:02:00], next run at: 2026-10-01 18:50:05 AEST)" executed successfully
2026-10-01 18:50:05,707 | INFO | Running job "run_pipeline (trigger: interval[0:02:00], next run at: 2026-10-01 18:52:05 AEST)" (scheduled at 2026-10-01 18:50:05.693715+10:00)
2026-10-01 18:50:05,707 | INFO | Pipeline started!
2026-10-01 18:50:05,707 | INFO | Extracting....
2026-10-01 18:50:05,715 | INFO | Extract completed: 1933 rows successfully!
2026-10-01 18:50:05,715 | INFO | Transforming....
2026-10-01 18:50:05,835 | INFO | Transform completed: 2209 rows successfully!
2026-10-01 18:50:05,835 | INFO | Connecting to database....
2026-10-01 18:50:05,871 | INFO | Database connected successfully!
2026-10-01 18:50:05,871 | INFO | Loading....
2026-10-01 18:50:05,913 | INFO | Load completed: 0 rows successfully!
2026-10-01 18:50:05,913 | INFO | Pipeline completed successfully
2026-10-01 18:50:05,914 | INFO | Job "run_pipeline (trigger: interval[0:02:00], next run at: 2026-10-01 18:52:05 AEST)" executed successfully
2026-10-01 18:52:05,701 | INFO | Running job "run_pipeline (trigger: interval[0:02:00], next run at: 2026-10-01 18:54:05 AEST)" (scheduled at 2026-10-01 18:52:05.693715+10:00)
2026-10-01 18:52:05,702 | INFO | Pipeline started!
2026-10-01 18:52:05,702 | INFO | Extracting....
2026-10-01 18:52:05,720 | INFO | Extract completed: 1933 rows successfully!
2026-10-01 18:52:05,720 | INFO | Transforming....
2026-10-01 18:52:05,825 | INFO | Transform completed: 2209 rows successfully!
2026-10-01 18:52:05,825 | INFO | Connecting to database....
2026-10-01 18:52:05,952 | INFO | Database connected successfully!
2026-10-01 18:52:05,953 | INFO | Loading....
2026-10-01 18:52:06,021 | INFO | Load completed: 0 rows successfully!
2026-10-01 18:52:06,021 | INFO | Pipeline completed successfully
2026-10-01 18:52:06,022 | INFO | Job "run_pipeline (trigger: interval[0:02:00], next run at: 2026-10-01 18:54:05 AEST)" executed successfully
2026-10-01 18:54:05,699 | INFO | Running job "run_pipeline (trigger: interval[0:02:00], next run at: 2026-10-01 18:56:05 AEST)" (scheduled at 2026-10-01 18:54:05.693715+10:00)
2026-10-01 18:54:05,699 | INFO | Pipeline started!
2026-10-01 18:54:05,699 | INFO | Extracting....
2026-10-01 18:54:05,718 | INFO | Extract completed: 1933 rows successfully!
2026-10-01 18:54:05,718 | INFO | Transforming....
2026-10-01 18:54:05,854 | INFO | Transform completed: 2209 rows successfully!
2026-10-01 18:54:05,854 | INFO | Connecting to database....
2026-10-01 18:54:05,877 | INFO | Database connected successfully!
2026-10-01 18:54:05,877 | INFO | Loading....
2026-10-01 18:54:05,925 | INFO | Load completed: 0 rows successfully!
2026-10-01 18:54:05,925 | INFO | Pipeline completed successfully
2026-10-01 18:54:05,925 | INFO | Job "run_pipeline (trigger: interval[0:02:00], next run at: 2026-10-01 18:56:05 AEST)" executed successfully
2026-10-01 18:56:05,703 | INFO | Running job "run_pipeline (trigger: interval[0:02:00], next run at: 2026-10-01 18:58:05 AEST)" (scheduled at 2026-10-01 18:56:05.693715+10:00)
2026-10-01 18:56:05,703 | INFO | Pipeline started!
2026-10-01 18:56:05,703 | INFO | Extracting....
2026-10-01 18:56:05,723 | INFO | Extract completed: 1933 rows successfully!
2026-10-01 18:56:05,723 | INFO | Transforming....
2026-10-01 18:56:05,821 | INFO | Transform completed: 2209 rows successfully!
2026-10-01 18:56:05,821 | INFO | Connecting to database....
2026-10-01 18:56:05,874 | INFO | Database connected successfully!
2026-10-01 18:56:05,874 | INFO | Loading....
2026-10-01 18:56:05,947 | INFO | Load completed: 0 rows successfully!
2026-10-01 18:56:05,947 | INFO | Pipeline completed successfully
2026-10-01 18:56:05,947 | INFO | Job "run_pipeline (trigger: interval[0:02:00], next run at: 2026-10-01 18:58:05 AEST)" executed successfully
2026-10-01 18:58:05,706 | INFO | Running job "run_pipeline (trigger: interval[0:02:00], next run at: 2026-10-01 19:00:05 AEST)" (scheduled at 2026-10-01 18:58:05.693715+10:00)
2026-10-01 18:58:05,706 | INFO | Pipeline started!
2026-10-01 18:58:05,706 | INFO | Extracting....
2026-10-01 18:58:05,714 | INFO | Extract completed: 1933 rows successfully!
2026-10-01 18:58:05,714 | INFO | Transforming....
2026-10-01 18:58:05,807 | INFO | Transform completed: 2209 rows successfully!
2026-10-01 18:58:05,807 | INFO | Connecting to database....
2026-10-01 18:58:05,841 | INFO | Database connected successfully!
2026-10-01 18:58:05,842 | INFO | Loading....
2026-10-01 18:58:05,885 | INFO | Load completed: 0 rows successfully!
2026-10-01 18:58:05,885 | INFO | Pipeline completed successfully
2026-10-01 18:58:05,886 | INFO | Job "run_pipeline (trigger: interval[0:02:00], next run at: 2026-10-01 19:00:05 AEST)" executed successfully
2026-10-01 19:00:05,698 | INFO | Running job "run_pipeline (trigger: interval[0:02:00], next run at: 2026-10-01 19:02:05 AEST)" (scheduled at 2026-10-01 19:00:05.693715+10:00)
2026-10-01 19:00:05,698 | INFO | Pipeline started!
2026-10-01 19:00:05,698 | INFO | Extracting....
2026-10-01 19:00:05,705 | INFO | Extract completed: 1933 rows successfully!
2026-10-01 19:00:05,705 | INFO | Transforming....
2026-10-01 19:00:05,835 | INFO | Transform completed: 2209 rows successfully!
2026-10-01 19:00:05,835 | INFO | Connecting to database....
2026-10-01 19:00:05,883 | INFO | Database connected successfully!
2026-10-01 19:00:05,883 | INFO | Loading....
2026-10-01 19:00:05,947 | INFO | Load completed: 0 rows successfully!
2026-10-01 19:00:05,947 | INFO | Pipeline completed successfully
2026-10-01 19:00:05,947 | INFO | Job "run_pipeline (trigger: interval[0:02:00], next run at: 2026-10-01 19:02:05 AEST)" executed successfully
